------------------------------------------------------------
TimeQuest Timing Analyzer Summary
------------------------------------------------------------

Type  : Slow 1100mV 85C Model Setup 'CLOCK_50'
Slack : -0.301
TNS   : -6.067

Type  : Slow 1100mV 85C Model Hold 'CLOCK_50'
Slack : 0.265
TNS   : 0.000

Type  : Slow 1100mV 85C Model Minimum Pulse Width 'CLOCK_50'
Slack : -0.394
TNS   : -17.288

Type  : Slow 1100mV 0C Model Setup 'CLOCK_50'
Slack : -0.323
TNS   : -7.132

Type  : Slow 1100mV 0C Model Hold 'CLOCK_50'
Slack : 0.240
TNS   : 0.000

Type  : Slow 1100mV 0C Model Minimum Pulse Width 'CLOCK_50'
Slack : -0.394
TNS   : -18.890

Type  : Fast 1100mV 85C Model Setup 'CLOCK_50'
Slack : 0.239
TNS   : 0.000

Type  : Fast 1100mV 85C Model Hold 'CLOCK_50'
Slack : 0.161
TNS   : 0.000

Type  : Fast 1100mV 85C Model Minimum Pulse Width 'CLOCK_50'
Slack : -0.078
TNS   : -2.507

Type  : Fast 1100mV 0C Model Setup 'CLOCK_50'
Slack : 0.270
TNS   : 0.000

Type  : Fast 1100mV 0C Model Hold 'CLOCK_50'
Slack : 0.144
TNS   : 0.000

Type  : Fast 1100mV 0C Model Minimum Pulse Width 'CLOCK_50'
Slack : -0.079
TNS   : -2.543

------------------------------------------------------------
